# pletivo conformance snapshot
# case:    custom-404-astro
# project: tests/fixture-404-astro
# covers:
#   - 404.astro rendered to 404.html and kept out of the sitemap
#
# Recorded from the "bun-build" adapter, but this file is not tied to it:
# any runtime claiming pletivo rendering parity must reproduce it exactly.
# Values in [brackets] are normalized — see tests/conformance/normalize.ts.
#
# Regenerate:  UPDATE_SNAPSHOTS=1 bun test tests/conformance
# Just this case:  UPDATE_SNAPSHOTS=1 CONFORMANCE_CASE=custom-404-astro bun test tests/conformance

--- pletivo:conformance emitted ---
404.html
index.html
sitemap.xml

--- pletivo:conformance 404.html ---
<!DOCTYPE html>
<html lang="en">
  <head>
    <meta name="x-rendered-pathname" content="/404">
    <title>Not Found</title>
  </head>
  <body>
    <h1>404 - Custom Not Found</h1>
  </body></html>

--- pletivo:conformance index.html ---
<!DOCTYPE html>
<html lang="en">
  <head>
    <title>Home</title>
  </head>
  <body>
    <h1>Home Page</h1>
  </body></html>

--- pletivo:conformance sitemap.xml ---
<?xml version="1.0" encoding="UTF-8"?>
<urlset xmlns="http://www.sitemaps.org/schemas/sitemap/0.9">
  <url>
    <loc>/</loc>
  </url>
</urlset>

