# pletivo conformance snapshot
# case:    vite-virtual-module
# project: tests/fixture-vite-virtual-module
# covers:
#   - a vite plugin's virtual module resolved and rendered from .astro
#
# Recorded from the "bun-build" adapter, but this file is not tied to it:
# any runtime claiming pletivo rendering parity must reproduce it exactly.
# Values in [brackets] are normalized — see tests/conformance/normalize.ts.
#
# Regenerate:  UPDATE_SNAPSHOTS=1 bun test tests/conformance
# Just this case:  UPDATE_SNAPSHOTS=1 CONFORMANCE_CASE=vite-virtual-module bun test tests/conformance

--- pletivo:conformance emitted ---
index.html
sitemap.xml

--- pletivo:conformance index.html ---
<!DOCTYPE html>
<html>
  <body>
    <p data-virtual-greeting>hello from virtual</p>
  </body></html>

--- pletivo:conformance sitemap.xml ---
<?xml version="1.0" encoding="UTF-8"?>
<urlset xmlns="http://www.sitemaps.org/schemas/sitemap/0.9">
  <url>
    <loc>/</loc>
  </url>
</urlset>

